#
# There is insufficient memory for the Java Runtime Environment to continue.
# Native memory allocation (mmap) failed to map 331350016 bytes. Error detail: G1 virtual space
# Possible reasons:
#   The system is out of physical RAM or swap space
#   This process is running with CompressedOops enabled, and the Java Heap may be blocking the growth of the native heap
# Possible solutions:
#   Reduce memory load on the system
#   Increase physical memory or swap space
#   Check if swap backing store is full
#   Decrease Java heap size (-Xmx/-Xms)
#   Decrease number of Java threads
#   Decrease Java thread stack sizes (-Xss)
#   Set larger code cache with -XX:ReservedCodeCacheSize=
#   JVM is running with Zero Based Compressed Oops mode in which the Java heap is
#     placed in the first 32GB address space. The Java Heap base address is the
#     maximum limit for the native heap growth. Please use -XX:HeapBaseMinAddress
#     to set the Java Heap base and to place the Java Heap above 32GB virtual address.
# This output file may be truncated or incomplete.
#
#  Out of Memory Error (os_windows.cpp:3898), pid=6984, tid=10560
#
# JRE version:  (21.0.7) (build )
# Java VM: OpenJDK 64-Bit Server VM (21.0.7+-13880790-b1038.58, mixed mode, sharing, tiered, compressed oops, compressed class ptrs, g1 gc, windows-amd64)
# No core dump will be written. Minidumps are not enabled by default on client versions of Windows
#

---------------  S U M M A R Y ------------

Command Line: org.jetbrains.kotlin.cli.jvm.K2JVMCompiler @D:\NSU\CPU_Sched_Game\app\build\20260501_2406068799757065721.compiler.options

Host: 12th Gen Intel(R) Core(TM) i5-1235U, 12 cores, 19G,  Windows 11 , 64 bit Build 26100 (10.0.26100.8246)
Time: Fri May  1 00:08:21 2026 Bangladesh Standard Time elapsed time: 0.012078 seconds (0d 0h 0m 0s)

---------------  T H R E A D  ---------------

Current thread (0x000001adfe131a30):  JavaThread "Unknown thread" [_thread_in_vm, id=10560, stack(0x000000103e400000,0x000000103e500000) (1024K)]

Stack: [0x000000103e400000,0x000000103e500000]
Native frames: (J=compiled Java code, j=interpreted, Vv=VM code, C=native code)
V  [jvm.dll+0x6d25c9]
V  [jvm.dll+0x860923]
V  [jvm.dll+0x862e7e]
V  [jvm.dll+0x863563]
V  [jvm.dll+0x27f156]
V  [jvm.dll+0x6ceee5]
V  [jvm.dll+0x6c29aa]
V  [jvm.dll+0x355ebb]
V  [jvm.dll+0x35db16]
V  [jvm.dll+0x3afb16]
V  [jvm.dll+0x3afde8]
V  [jvm.dll+0x32855c]
V  [jvm.dll+0x32924b]
V  [jvm.dll+0x828379]
V  [jvm.dll+0x3bcce8]
V  [jvm.dll+0x811628]
V  [jvm.dll+0x45121e]
V  [jvm.dll+0x452981]
C  [jli.dll+0x52ab]
C  [ucrtbase.dll+0x37b0]
C  [KERNEL32.DLL+0x2e8d7]
C  [ntdll.dll+0x8c3fc]


---------------  P R O C E S S  ---------------

Threads class SMR info:
_java_thread_list=0x00007ffb3cc64888, length=0, elements={
}

Java Threads: ( => current thread )
Total: 0

Other Threads:
  0x000001adffe19710 WorkerThread "GC Thread#0"                     [id=16536, stack(0x000000103e500000,0x000000103e600000) (1024K)]
  0x000001adffe24c80 ConcurrentGCThread "G1 Main Marker"            [id=19680, stack(0x000000103e600000,0x000000103e700000) (1024K)]
  0x000001adffe265c0 WorkerThread "G1 Conc#0"                       [id=3684, stack(0x000000103e700000,0x000000103e800000) (1024K)]

[error occurred during error reporting (printing all threads), id 0xc0000005, EXCEPTION_ACCESS_VIOLATION (0xc0000005) at pc=0x00007ffb3c45b5b7]
VM state: not at safepoint (not fully initialized)

VM Mutex/Monitor currently owned by a thread:  ([mutex/lock_event])
[0x00007ffb3ccd1568] Heap_lock - owner thread: 0x000001adfe131a30

Heap address: 0x00000006c5000000, size: 5040 MB, Compressed Oops mode: Zero based, Oop shift amount: 3

CDS archive(s) mapped at: [0x0000000000000000-0x0000000000000000-0x0000000000000000), size 0, SharedBaseAddress: 0x0000000800000000, ArchiveRelocationMode: 1.
Narrow klass base: 0x0000000000000000, Narrow klass shift: 0, Narrow klass range: 0x0

GC Precious Log:
 CardTable entry size: 512
 Card Set container configuration: InlinePtr #cards 4 size 8 Array Of Cards #cards 32 size 80 Howl #buckets 8 coarsen threshold 7372 Howl Bitmap #cards 1024 size 144 coarsen threshold 921 Card regions per heap region 1 cards per card region 8192

Heap:
 garbage-first heap   total 0K, used 0K [0x00000006c5000000, 0x0000000800000000)
  region size 4096K, 0 young (0K), 0 survivors (0K)
 Metaspace       used 0K, committed 0K, reserved 0K
  class space    used 0K, committed 0K, reserved 0K

Heap Regions: E=young(eden), S=young(survivor), O=old, HS=humongous(starts), HC=humongous(continues), CS=collection set, F=free, TAMS=top-at-mark-start, PB=parsable bottom

Card table byte_map: [0x000001ad93610000,0x000001ad93ff0000] _byte_map_base: 0x000001ad8ffe8000

Marking Bits: (CMBitMap*) 0x000001adffe19e10
 Bits: [0x000001ad93ff0000, 0x000001ad98eb0000)

GC Heap History (0 events):
No events

Dll operation events (1 events):
Event: 0.008 Loaded shared library C:\Program Files\Android\Android Studio\jbr\bin\java.dll

Deoptimization events (0 events):
No events

Classes loaded (0 events):
No events

Classes unloaded (0 events):
No events

Classes redefined (0 events):
No events

Internal exceptions (0 events):
No events

ZGC Phase Switch (0 events):
No events

VM Operations (0 events):
No events

Memory protections (0 events):
No events

Nmethod flushes (0 events):
No events

Events (0 events):
No events


Dynamic libraries:
0x00007ff613c90000 - 0x00007ff613c9a000 	C:\Program Files\Android\Android Studio\jbr\bin\java.exe
0x00007ffc130a0000 - 0x00007ffc13307000 	C:\WINDOWS\SYSTEM32\ntdll.dll
0x00007ffc11970000 - 0x00007ffc11a39000 	C:\WINDOWS\System32\KERNEL32.DLL
0x00007ffc0fce0000 - 0x00007ffc100d4000 	C:\WINDOWS\System32\KERNELBASE.dll
0x00007ffc0f970000 - 0x00007ffc0fabb000 	C:\WINDOWS\System32\ucrtbase.dll
0x00007ffbbda90000 - 0x00007ffbbdaa8000 	C:\Program Files\Android\Android Studio\jbr\bin\jli.dll
0x00007ffbb58c0000 - 0x00007ffbb58db000 	C:\Program Files\Android\Android Studio\jbr\bin\VCRUNTIME140.dll
0x00007ffc125e0000 - 0x00007ffc127a5000 	C:\WINDOWS\System32\USER32.dll
0x00007ffc100e0000 - 0x00007ffc10107000 	C:\WINDOWS\System32\win32u.dll
0x00007ffc11940000 - 0x00007ffc1196b000 	C:\WINDOWS\System32\GDI32.dll
0x00007ffbd7020000 - 0x00007ffbd72b3000 	C:\WINDOWS\WinSxS\amd64_microsoft.windows.common-controls_6595b64144ccf1df_6.0.26100.8115_none_3e075c82e3354f9c\COMCTL32.dll
0x00007ffc10110000 - 0x00007ffc1023b000 	C:\WINDOWS\System32\gdi32full.dll
0x00007ffc11bf0000 - 0x00007ffc11c99000 	C:\WINDOWS\System32\msvcrt.dll
0x00007ffc10d80000 - 0x00007ffc10e23000 	C:\WINDOWS\System32\msvcp_win.dll
0x00007ffc11ca0000 - 0x00007ffc11cd2000 	C:\WINDOWS\System32\IMM32.DLL
0x00007ffbd9ae0000 - 0x00007ffbd9aec000 	C:\Program Files\Android\Android Studio\jbr\bin\vcruntime140_1.dll
0x00007ffbb3460000 - 0x00007ffbb34ed000 	C:\Program Files\Android\Android Studio\jbr\bin\msvcp140.dll
0x00007ffb3c120000 - 0x00007ffb3cdae000 	C:\Program Files\Android\Android Studio\jbr\bin\server\jvm.dll
0x00007ffc11a40000 - 0x00007ffc11af6000 	C:\WINDOWS\System32\ADVAPI32.dll
0x00007ffc10e30000 - 0x00007ffc10ed7000 	C:\WINDOWS\System32\sechost.dll
0x00007ffc11070000 - 0x00007ffc11188000 	C:\WINDOWS\System32\RPCRT4.dll
0x00007ffc10ee0000 - 0x00007ffc10f60000 	C:\WINDOWS\System32\WS2_32.dll
0x00007ffc0f7d0000 - 0x00007ffc0f82e000 	C:\WINDOWS\SYSTEM32\POWRPROF.dll
0x00007ffc04c20000 - 0x00007ffc04c56000 	C:\WINDOWS\SYSTEM32\WINMM.dll
0x00007ffbfafa0000 - 0x00007ffbfafab000 	C:\WINDOWS\SYSTEM32\VERSION.dll
0x00007ffc0f7b0000 - 0x00007ffc0f7c4000 	C:\WINDOWS\SYSTEM32\UMPDC.dll
0x00007ffc0e660000 - 0x00007ffc0e67b000 	C:\WINDOWS\SYSTEM32\kernel.appcore.dll
0x00007ffbd9180000 - 0x00007ffbd918a000 	C:\Program Files\Android\Android Studio\jbr\bin\jimage.dll
0x00007ffc0da30000 - 0x00007ffc0dc72000 	C:\WINDOWS\SYSTEM32\DBGHELP.DLL
0x00007ffc11410000 - 0x00007ffc11792000 	C:\WINDOWS\System32\combase.dll
0x00007ffc11b00000 - 0x00007ffc11bd8000 	C:\WINDOWS\System32\OLEAUT32.dll
0x00007ffbefc20000 - 0x00007ffbefc5b000 	C:\WINDOWS\SYSTEM32\dbgcore.DLL
0x00007ffc0fac0000 - 0x00007ffc0fb65000 	C:\WINDOWS\System32\bcryptPrimitives.dll
0x00007ffbb58a0000 - 0x00007ffbb58c0000 	C:\Program Files\Android\Android Studio\jbr\bin\java.dll

dbghelp: loaded successfully - version: 4.0.5 - missing functions: none
symbol engine: initialized successfully - sym options: 0x614 - pdb path: .;C:\Program Files\Android\Android Studio\jbr\bin;C:\WINDOWS\SYSTEM32;C:\WINDOWS\WinSxS\amd64_microsoft.windows.common-controls_6595b64144ccf1df_6.0.26100.8115_none_3e075c82e3354f9c;C:\Program Files\Android\Android Studio\jbr\bin\server

VM Arguments:
java_command: org.jetbrains.kotlin.cli.jvm.K2JVMCompiler @D:\NSU\CPU_Sched_Game\app\build\20260501_2406068799757065721.compiler.options
java_class_path (initial): C:\Users\OK\.gradle\caches\modules-2\files-2.1\org.jetbrains.kotlin\kotlin-compiler-embeddable\2.0.21\79346ed53db48b18312a472602eb5c057070c54d\kotlin-compiler-embeddable-2.0.21.jar;C:\Users\OK\.gradle\caches\modules-2\files-2.1\org.jetbrains.kotlin\kotlin-stdlib\2.0.21\618b539767b4899b4660a83006e052b63f1db551\kotlin-stdlib-2.0.21.jar;C:\Users\OK\.gradle\caches\modules-2\files-2.1\org.jetbrains.kotlin\kotlin-script-runtime\2.0.21\c9b044380ad41f89aa89aa896c2d32a8c0b2129d\kotlin-script-runtime-2.0.21.jar;C:\Users\OK\.gradle\caches\modules-2\files-2.1\org.jetbrains.kotlin\kotlin-reflect\1.6.10\1cbe9c92c12a94eea200d23c2bbaedaf3daf5132\kotlin-reflect-1.6.10.jar;C:\Users\OK\.gradle\caches\modules-2\files-2.1\org.jetbrains.kotlin\kotlin-daemon-embeddable\2.0.21\c9e933b23287de9b5a17e2116b4657bb91aea72c\kotlin-daemon-embeddable-2.0.21.jar;C:\Users\OK\.gradle\caches\modules-2\files-2.1\org.jetbrains.intellij.deps\trove4j\1.0.20200330\3afb14d5f9ceb459d724e907a21145e8ff394f02\trove4j-1.0.20200330.jar;C:\Users\OK\.gradle\caches\modules-2\files-2.1\org.jetbrains.kotlinx\kotlinx-coroutines-core-jvm\1.6.4\2c997cd1c0ef33f3e751d3831929aeff1390cb30\kotlinx-coroutines-core-jvm-1.6.4.jar;C:\Users\OK\.gradle\caches\modules-2\files-2.1\org.jetbrains\annotations\13.0\919f0dfe192fb4e063e7dacadee7f8bb9a2672a9\annotations-13.0.jar
Launcher Type: SUN_STANDARD

[Global flags]
     intx CICompilerCount                          = 4                                         {product} {ergonomic}
     uint ConcGCThreads                            = 3                                         {product} {ergonomic}
     uint G1ConcRefinementThreads                  = 10                                        {product} {ergonomic}
   size_t G1HeapRegionSize                         = 4194304                                   {product} {ergonomic}
    uintx GCDrainStackTargetSize                   = 64                                        {product} {ergonomic}
   size_t InitialHeapSize                          = 331350016                                 {product} {ergonomic}
   size_t MarkStackSize                            = 4194304                                   {product} {ergonomic}
   size_t MaxHeapSize                              = 5284823040                                {product} {ergonomic}
   size_t MinHeapDeltaBytes                        = 4194304                                   {product} {ergonomic}
   size_t MinHeapSize                              = 8388608                                   {product} {ergonomic}
    uintx NonNMethodCodeHeapSize                   = 5839372                                {pd product} {ergonomic}
    uintx NonProfiledCodeHeapSize                  = 122909434                              {pd product} {ergonomic}
    uintx ProfiledCodeHeapSize                     = 122909434                              {pd product} {ergonomic}
    uintx ReservedCodeCacheSize                    = 251658240                              {pd product} {ergonomic}
     bool SegmentedCodeCache                       = true                                      {product} {ergonomic}
   size_t SoftMaxHeapSize                          = 5284823040                             {manageable} {ergonomic}
     bool UseCompressedOops                        = true                           {product lp64_product} {ergonomic}
     bool UseG1GC                                  = true                                      {product} {ergonomic}
     bool UseLargePagesIndividualAllocation        = false                                  {pd product} {ergonomic}

Logging:
Log output configuration:
 #0: stdout all=warning uptime,level,tags foldmultilines=false
 #1: stderr all=off uptime,level,tags foldmultilines=false

Environment Variables:
PATH=C:\Program Files\Common Files\Oracle\Java\javapath;C:\Program Files\Python313\Scripts\;C:\Program Files\Python313\;C:\Program Files (x86)\Common Files\Oracle\Java\java8path;C:\Program Files (x86)\Common Files\Oracle\Java\javapath;C:\WINDOWS\system32;C:\WINDOWS;C:\WINDOWS\System32\Wbem;C:\WINDOWS\System32\WindowsPowerShell\v1.0\;C:\WINDOWS\System32\OpenSSH\;C:\xampp\php;C:\ProgramData\ComposerSetup\bin;C:\Program Files\Java\jdk-25\bin;C:\Program Files\Git\cmd;C:\Program Files\nodejs\;C:\Users\OK\AppData\Local\Microsoft\WindowsApps;C:\Users\OK\AppData\Local\Programs\Microsoft VS Code\bin;C:\Users\OK\AppData\Roaming\Composer\vendor\bin;C:\msys64\ucrt64\bin;C:\Program Files\CodeBlocks\MinGW\bin;C:\Users\OK\AppData\Roaming\Python\Python313\Scripts;C:\Users\OK\AppData\Roaming\npm
USERNAME=OK
OS=Windows_NT
PROCESSOR_IDENTIFIER=Intel64 Family 6 Model 154 Stepping 4, GenuineIntel
TMP=C:\Users\OK\AppData\Local\Temp
TEMP=C:\Users\OK\AppData\Local\Temp




Periodic native trim disabled

JNI global refs:
JNI global refs: 0, weak refs: 0

JNI global refs memory usage: 0, weak refs: 0

Process memory usage:
Resident Set Size: 13032K (0% of 20634996K total physical memory with 3092468K free physical memory)

OOME stack traces (most recent first):
Classloader memory used:

---------------  S Y S T E M  ---------------

OS:
 Windows 11 , 64 bit Build 26100 (10.0.26100.8246)
OS uptime: 0 days 12:45 hours
Hyper-V role detected

CPU: total 12 (initial active 12) (6 cores per cpu, 2 threads per core) family 6 model 154 stepping 4 microcode 0x42c, cx8, cmov, fxsr, ht, mmx, 3dnowpref, sse, sse2, sse3, ssse3, sse4.1, sse4.2, popcnt, lzcnt, tsc, tscinvbit, avx, avx2, aes, erms, clmul, bmi1, bmi2, adx, sha, fma, vzeroupper, clflush, clflushopt, clwb, hv, serialize, rdtscp, rdpid, fsrm, f16c, cet_ibt, cet_ss
Processor Information for processor 0
  Max Mhz: 1300, Current Mhz: 1300, Mhz Limit: 1300
Processor Information for processor 1
  Max Mhz: 1300, Current Mhz: 1300, Mhz Limit: 1300
Processor Information for processor 2
  Max Mhz: 1300, Current Mhz: 1300, Mhz Limit: 1300
Processor Information for processor 3
  Max Mhz: 1300, Current Mhz: 1300, Mhz Limit: 1300
Processor Information for processor 4
  Max Mhz: 1300, Current Mhz: 900, Mhz Limit: 897
Processor Information for processor 5
  Max Mhz: 1300, Current Mhz: 900, Mhz Limit: 897
Processor Information for processor 6
  Max Mhz: 1300, Current Mhz: 900, Mhz Limit: 897
Processor Information for processor 7
  Max Mhz: 1300, Current Mhz: 900, Mhz Limit: 897
Processor Information for processor 8
  Max Mhz: 1300, Current Mhz: 900, Mhz Limit: 897
Processor Information for processor 9
  Max Mhz: 1300, Current Mhz: 900, Mhz Limit: 897
Processor Information for processor 10
  Max Mhz: 1300, Current Mhz: 900, Mhz Limit: 897
Processor Information for processor 11
  Max Mhz: 1300, Current Mhz: 900, Mhz Limit: 897

Memory: 4k page, system-wide physical 20151M (3019M free)
TotalPageFile size 26736M (AvailPageFile size 310M)
current process WorkingSet (physical memory assigned to process): 12M, peak: 12M
current process commit charge ("private bytes"): 64M, peak: 380M

vm_info: OpenJDK 64-Bit Server VM (21.0.7+-13880790-b1038.58) for windows-amd64 JRE (21.0.7+-13880790-b1038.58), built on 2025-08-04T20:56:21Z by "builder" with MS VC++ 16.10 / 16.11 (VS2019)

END.
